
 	 Check Design Report (c)
	 ------------------- 

 Summary
 ------- 

              Name                       Total
----------------------------------------------
Unresolved References                        0
Empty Modules                                0
Unloaded Port(s)                            25
Unloaded Sequential Pin(s)                   0
Unloaded Combinational Pin(s)              858
Assigns                                   8943
Undriven Port(s)                             0
Undriven Leaf Pin(s)                         0
Undriven hierarchical pin(s)                 0
Multidriven Port(s)                          0
Multidriven Leaf Pin(s)                    198
Multidriven hierarchical Pin(s)              0
Multidriven unloaded net(s)                  0
Constant Port(s)                            77
Constant Leaf Pin(s)                      2036
Constant hierarchical Pin(s)              8314
Preserved leaf instance(s)                  52
Preserved hierarchical instance(s)           0
Feedthrough Modules(s)                       0
Libcells with no LEF cell                   62
Physical (LEF) cells with no libcell       462
Subdesigns with long module name             0
Physical only instance(s)                    0
Logical only instance(s)                     0

  Done Checking the design.
